[earneasylife.truequery.xyz/index.html]
[backblue.gif]
[fade.gif]
[index.html]
[earneasylife.truequery.xyz/fornt/img/bg_pic.jpg]
[earneasylife.truequery.xyz/login.html]
[earneasylife.truequery.xyz/about.html]
[earneasylife.truequery.xyz/fornt/js/app.js]
[earneasylife.truequery.xyz/fornt/js/jquery.marquee.min.js]
[earneasylife.truequery.xyz/register.html]
[earneasylife.truequery.xyz/fornt/js/datepicker.min.js]
[earneasylife.truequery.xyz/index.html]
[earneasylife.truequery.xyz/fornt/css/font/all.min.css]
[earneasylife.truequery.xyz/fornt/css/datepicker.min.css]
[earneasylife.truequery.xyz/fornt/img/gbg.html]
[earneasylife.truequery.xyz/fornt/img/bg_pic.html]
[earneasylife.truequery.xyz/fornt/img/about_bg.html]
[earneasylife.truequery.xyz/fornt/css/main.css]
[earneasylife.truequery.xyz/login.html]
[earneasylife.truequery.xyz/register.html]
[earneasylife.truequery.xyz/about.html]
[earneasylife.truequery.xyz/fornt/img/gbg.html]
[earneasylife.truequery.xyz/fornt/img/bg_pic.html]
[earneasylife.truequery.xyz/fornt/img/about_bg.html]
